[1.446s] DEBUG:colcon:Command line arguments: ['/usr/bin/colcon', 'build', '--packages-select', 'robot_controller']
[1.447s] DEBUG:colcon:Parsed command line arguments: Namespace(log_base=None, log_level=None, verb_name='build', build_base='build', install_base='install', merge_install=False, symlink_install=False, test_result_base=None, continue_on_error=False, executor='parallel', parallel_workers=4, event_handlers=None, ignore_user_meta=False, metas=['./colcon.meta'], base_paths=['.'], packages_ignore=None, packages_ignore_regex=None, paths=None, packages_up_to=None, packages_up_to_regex=None, packages_above=None, packages_above_and_dependencies=None, packages_above_depth=None, packages_select_by_dep=None, packages_skip_by_dep=None, packages_skip_up_to=None, packages_select_build_failed=False, packages_skip_build_finished=False, packages_select_test_failures=False, packages_skip_test_passed=False, packages_select=['robot_controller'], packages_skip=None, packages_select_regex=None, packages_skip_regex=None, packages_start=None, packages_end=None, allow_overriding=[], cmake_args=None, cmake_target=None, cmake_target_skip_unavailable=False, cmake_clean_cache=False, cmake_clean_first=False, cmake_force_configure=False, ament_cmake_args=None, catkin_cmake_args=None, catkin_skip_building_tests=False, mixin_files=None, mixin=None, verb_parser=<colcon_mixin.mixin.mixin_argument.MixinArgumentDecorator object at 0xffff8abacaa0>, verb_extension=<colcon_core.verb.build.BuildVerb object at 0xffff8ad5d100>, main=<bound method BuildVerb.main of <colcon_core.verb.build.BuildVerb object at 0xffff8ad5d100>>, mixin_verb=('build',))
[1.774s] Level 1:colcon.colcon_core.package_discovery:discover_packages(colcon_meta) check parameters
[1.781s] Level 1:colcon.colcon_core.package_discovery:discover_packages(recursive) check parameters
[1.782s] Level 1:colcon.colcon_core.package_discovery:discover_packages(ignore) check parameters
[1.786s] Level 1:colcon.colcon_core.package_discovery:discover_packages(path) check parameters
[1.786s] Level 1:colcon.colcon_core.package_discovery:discover_packages(colcon_meta) discover
[1.787s] Level 1:colcon.colcon_core.package_discovery:discover_packages(recursive) discover
[1.791s] INFO:colcon.colcon_core.package_discovery:Crawling recursively for packages in '/home/jeen/ros2_ws/src'
[1.792s] Level 1:colcon.colcon_core.package_identification:_identify(.) by extensions ['ignore', 'ignore_ament_install']
[1.794s] Level 1:colcon.colcon_core.package_identification:_identify(.) by extension 'ignore'
[1.798s] Level 1:colcon.colcon_core.package_identification:_identify(.) by extension 'ignore_ament_install'
[1.799s] Level 1:colcon.colcon_core.package_identification:_identify(.) by extensions ['colcon_pkg']
[1.800s] Level 1:colcon.colcon_core.package_identification:_identify(.) by extension 'colcon_pkg'
[1.800s] Level 1:colcon.colcon_core.package_identification:_identify(.) by extensions ['colcon_meta']
[1.801s] Level 1:colcon.colcon_core.package_identification:_identify(.) by extension 'colcon_meta'
[1.802s] Level 1:colcon.colcon_core.package_identification:_identify(.) by extensions ['ros']
[1.802s] Level 1:colcon.colcon_core.package_identification:_identify(.) by extension 'ros'
[1.955s] Level 1:colcon.colcon_core.package_identification:_identify(.) by extensions ['cmake', 'python']
[1.956s] Level 1:colcon.colcon_core.package_identification:_identify(.) by extension 'cmake'
[1.957s] Level 1:colcon.colcon_core.package_identification:_identify(.) by extension 'python'
[1.957s] Level 1:colcon.colcon_core.package_identification:_identify(.) by extensions ['python_setup_py']
[1.957s] Level 1:colcon.colcon_core.package_identification:_identify(.) by extension 'python_setup_py'
[1.959s] Level 1:colcon.colcon_core.package_identification:_identify(build) by extensions ['ignore', 'ignore_ament_install']
[1.962s] Level 1:colcon.colcon_core.package_identification:_identify(build) by extension 'ignore'
[1.962s] Level 1:colcon.colcon_core.package_identification:_identify(build) ignored
[1.963s] Level 1:colcon.colcon_core.package_identification:_identify(install) by extensions ['ignore', 'ignore_ament_install']
[1.964s] Level 1:colcon.colcon_core.package_identification:_identify(install) by extension 'ignore'
[1.965s] Level 1:colcon.colcon_core.package_identification:_identify(install) ignored
[1.966s] Level 1:colcon.colcon_core.package_identification:_identify(log) by extensions ['ignore', 'ignore_ament_install']
[1.967s] Level 1:colcon.colcon_core.package_identification:_identify(log) by extension 'ignore'
[1.968s] Level 1:colcon.colcon_core.package_identification:_identify(log) ignored
[1.968s] Level 1:colcon.colcon_core.package_identification:_identify(rf2o_laser_odometry) by extensions ['ignore', 'ignore_ament_install']
[1.969s] Level 1:colcon.colcon_core.package_identification:_identify(rf2o_laser_odometry) by extension 'ignore'
[1.970s] Level 1:colcon.colcon_core.package_identification:_identify(rf2o_laser_odometry) by extension 'ignore_ament_install'
[1.971s] Level 1:colcon.colcon_core.package_identification:_identify(rf2o_laser_odometry) by extensions ['colcon_pkg']
[1.971s] Level 1:colcon.colcon_core.package_identification:_identify(rf2o_laser_odometry) by extension 'colcon_pkg'
[1.972s] Level 1:colcon.colcon_core.package_identification:_identify(rf2o_laser_odometry) by extensions ['colcon_meta']
[1.972s] Level 1:colcon.colcon_core.package_identification:_identify(rf2o_laser_odometry) by extension 'colcon_meta'
[1.973s] Level 1:colcon.colcon_core.package_identification:_identify(rf2o_laser_odometry) by extensions ['ros']
[1.974s] Level 1:colcon.colcon_core.package_identification:_identify(rf2o_laser_odometry) by extension 'ros'
[1.988s] DEBUG:colcon.colcon_core.package_identification:Package 'rf2o_laser_odometry' with type 'ros.ament_cmake' and name 'rf2o_laser_odometry'
[1.989s] Level 1:colcon.colcon_core.package_identification:_identify(robot_controller) by extensions ['ignore', 'ignore_ament_install']
[1.990s] Level 1:colcon.colcon_core.package_identification:_identify(robot_controller) by extension 'ignore'
[1.991s] Level 1:colcon.colcon_core.package_identification:_identify(robot_controller) by extension 'ignore_ament_install'
[1.991s] Level 1:colcon.colcon_core.package_identification:_identify(robot_controller) by extensions ['colcon_pkg']
[1.992s] Level 1:colcon.colcon_core.package_identification:_identify(robot_controller) by extension 'colcon_pkg'
[1.993s] Level 1:colcon.colcon_core.package_identification:_identify(robot_controller) by extensions ['colcon_meta']
[1.993s] Level 1:colcon.colcon_core.package_identification:_identify(robot_controller) by extension 'colcon_meta'
[1.994s] Level 1:colcon.colcon_core.package_identification:_identify(robot_controller) by extensions ['ros']
[1.994s] Level 1:colcon.colcon_core.package_identification:_identify(robot_controller) by extension 'ros'
[1.999s] DEBUG:colcon.colcon_core.package_identification:Package 'robot_controller' with type 'ros.ament_python' and name 'robot_controller'
[2.000s] Level 1:colcon.colcon_core.package_identification:_identify(sllidar_ros2) by extensions ['ignore', 'ignore_ament_install']
[2.001s] Level 1:colcon.colcon_core.package_identification:_identify(sllidar_ros2) by extension 'ignore'
[2.001s] Level 1:colcon.colcon_core.package_identification:_identify(sllidar_ros2) by extension 'ignore_ament_install'
[2.002s] Level 1:colcon.colcon_core.package_identification:_identify(sllidar_ros2) by extensions ['colcon_pkg']
[2.003s] Level 1:colcon.colcon_core.package_identification:_identify(sllidar_ros2) by extension 'colcon_pkg'
[2.003s] Level 1:colcon.colcon_core.package_identification:_identify(sllidar_ros2) by extensions ['colcon_meta']
[2.003s] Level 1:colcon.colcon_core.package_identification:_identify(sllidar_ros2) by extension 'colcon_meta'
[2.004s] Level 1:colcon.colcon_core.package_identification:_identify(sllidar_ros2) by extensions ['ros']
[2.004s] Level 1:colcon.colcon_core.package_identification:_identify(sllidar_ros2) by extension 'ros'
[2.008s] DEBUG:colcon.colcon_core.package_identification:Package 'sllidar_ros2' with type 'ros.ament_cmake' and name 'sllidar_ros2'
[2.009s] Level 1:colcon.colcon_core.package_discovery:discover_packages(recursive) using defaults
[2.010s] Level 1:colcon.colcon_core.package_discovery:discover_packages(ignore) discover
[2.011s] Level 1:colcon.colcon_core.package_discovery:discover_packages(ignore) using defaults
[2.011s] Level 1:colcon.colcon_core.package_discovery:discover_packages(path) discover
[2.012s] Level 1:colcon.colcon_core.package_discovery:discover_packages(path) using defaults
[2.122s] INFO:colcon.colcon_core.package_selection:Skipping not selected package 'rf2o_laser_odometry' in 'rf2o_laser_odometry'
[2.123s] INFO:colcon.colcon_core.package_selection:Skipping not selected package 'sllidar_ros2' in 'sllidar_ros2'
[2.126s] Level 1:colcon.colcon_core.package_discovery:discover_packages(prefix_path) check parameters
[2.126s] Level 1:colcon.colcon_core.package_discovery:discover_packages(prefix_path) discover
[2.146s] DEBUG:colcon.colcon_installed_package_information.package_discovery:Found 3 installed packages in /home/jeen/ros2_ws/install
[2.171s] DEBUG:colcon.colcon_installed_package_information.package_discovery:Found 386 installed packages in /opt/ros/jazzy
[2.182s] Level 1:colcon.colcon_core.package_discovery:discover_packages(prefix_path) using defaults
[3.152s] Level 5:colcon.colcon_core.verb:set package 'robot_controller' build argument 'cmake_args' from command line to 'None'
[3.153s] Level 5:colcon.colcon_core.verb:set package 'robot_controller' build argument 'cmake_target' from command line to 'None'
[3.154s] Level 5:colcon.colcon_core.verb:set package 'robot_controller' build argument 'cmake_target_skip_unavailable' from command line to 'False'
[3.155s] Level 5:colcon.colcon_core.verb:set package 'robot_controller' build argument 'cmake_clean_cache' from command line to 'False'
[3.155s] Level 5:colcon.colcon_core.verb:set package 'robot_controller' build argument 'cmake_clean_first' from command line to 'False'
[3.155s] Level 5:colcon.colcon_core.verb:set package 'robot_controller' build argument 'cmake_force_configure' from command line to 'False'
[3.155s] Level 5:colcon.colcon_core.verb:set package 'robot_controller' build argument 'ament_cmake_args' from command line to 'None'
[3.156s] Level 5:colcon.colcon_core.verb:set package 'robot_controller' build argument 'catkin_cmake_args' from command line to 'None'
[3.156s] Level 5:colcon.colcon_core.verb:set package 'robot_controller' build argument 'catkin_skip_building_tests' from command line to 'False'
[3.156s] DEBUG:colcon.colcon_core.verb:Building package 'robot_controller' with the following arguments: {'ament_cmake_args': None, 'build_base': '/home/jeen/ros2_ws/src/build/robot_controller', 'catkin_cmake_args': None, 'catkin_skip_building_tests': False, 'cmake_args': None, 'cmake_clean_cache': False, 'cmake_clean_first': False, 'cmake_force_configure': False, 'cmake_target': None, 'cmake_target_skip_unavailable': False, 'install_base': '/home/jeen/ros2_ws/src/install/robot_controller', 'merge_install': False, 'path': '/home/jeen/ros2_ws/src/robot_controller', 'symlink_install': False, 'test_result_base': None}
[3.157s] INFO:colcon.colcon_core.executor:Executing jobs using 'parallel' executor
[3.163s] DEBUG:colcon.colcon_parallel_executor.executor.parallel:run_until_complete
[3.164s] INFO:colcon.colcon_ros.task.ament_python.build:Building ROS package in '/home/jeen/ros2_ws/src/robot_controller' with build type 'ament_python'
[3.167s] Level 1:colcon.colcon_core.shell:create_environment_hook('robot_controller', 'ament_prefix_path')
[3.179s] INFO:colcon.colcon_core.plugin_system:Skipping extension 'colcon_core.shell.bat': Not used on non-Windows systems
[3.181s] INFO:colcon.colcon_core.shell:Creating environment hook '/home/jeen/ros2_ws/src/install/robot_controller/share/robot_controller/hook/ament_prefix_path.ps1'
[3.185s] INFO:colcon.colcon_core.shell:Creating environment descriptor '/home/jeen/ros2_ws/src/install/robot_controller/share/robot_controller/hook/ament_prefix_path.dsv'
[3.195s] INFO:colcon.colcon_core.shell:Creating environment hook '/home/jeen/ros2_ws/src/install/robot_controller/share/robot_controller/hook/ament_prefix_path.sh'
[3.207s] INFO:colcon.colcon_core.shell:Skip shell extension 'powershell' for command environment: Not usable outside of PowerShell
[3.208s] DEBUG:colcon.colcon_core.shell:Skip shell extension 'dsv' for command environment
[6.661s] INFO:colcon.colcon_core.task.python.build:Building Python package in '/home/jeen/ros2_ws/src/robot_controller'
[6.662s] INFO:colcon.colcon_core.shell:Skip shell extension 'powershell' for command environment: Not usable outside of PowerShell
[6.662s] DEBUG:colcon.colcon_core.shell:Skip shell extension 'dsv' for command environment
[9.888s] DEBUG:colcon.colcon_core.event_handler.log_command:Invoking command in '/home/jeen/ros2_ws/src/robot_controller': DEBUGINFOD_URLS=https://debuginfod.ubuntu.com PYTHONPATH=/home/jeen/ros2_ws/src/build/robot_controller/prefix_override:/usr/lib/python3/dist-packages/colcon_core/task/python/colcon_distutils_commands:/home/jeen/ros2_ws/src/install/robot_controller/lib/python3.12/site-packages:${PYTHONPATH} /usr/bin/python3 -W ignore:setup.py install is deprecated -W ignore:easy_install command is deprecated setup.py egg_info --egg-base ../build/robot_controller build --build-base /home/jeen/ros2_ws/src/build/robot_controller/build install --record /home/jeen/ros2_ws/src/build/robot_controller/install.log --single-version-externally-managed install_data
[12.759s] DEBUG:colcon.colcon_core.event_handler.log_command:Invoked command in '/home/jeen/ros2_ws/src/robot_controller' returned '0': DEBUGINFOD_URLS=https://debuginfod.ubuntu.com PYTHONPATH=/home/jeen/ros2_ws/src/build/robot_controller/prefix_override:/usr/lib/python3/dist-packages/colcon_core/task/python/colcon_distutils_commands:/home/jeen/ros2_ws/src/install/robot_controller/lib/python3.12/site-packages:${PYTHONPATH} /usr/bin/python3 -W ignore:setup.py install is deprecated -W ignore:easy_install command is deprecated setup.py egg_info --egg-base ../build/robot_controller build --build-base /home/jeen/ros2_ws/src/build/robot_controller/build install --record /home/jeen/ros2_ws/src/build/robot_controller/install.log --single-version-externally-managed install_data
[12.764s] Level 1:colcon.colcon_core.environment:checking '/home/jeen/ros2_ws/src/install/robot_controller' for CMake module files
[12.768s] Level 1:colcon.colcon_core.environment:checking '/home/jeen/ros2_ws/src/install/robot_controller' for CMake config files
[12.773s] Level 1:colcon.colcon_core.environment:checking '/home/jeen/ros2_ws/src/install/robot_controller/lib'
[12.774s] Level 1:colcon.colcon_core.environment:checking '/home/jeen/ros2_ws/src/install/robot_controller/bin'
[12.774s] Level 1:colcon.colcon_core.environment:checking '/home/jeen/ros2_ws/src/install/robot_controller/lib/pkgconfig/robot_controller.pc'
[12.775s] Level 1:colcon.colcon_core.environment:checking '/home/jeen/ros2_ws/src/install/robot_controller/lib/python3.12/site-packages'
[12.776s] Level 1:colcon.colcon_core.shell:create_environment_hook('robot_controller', 'pythonpath')
[12.776s] INFO:colcon.colcon_core.shell:Creating environment hook '/home/jeen/ros2_ws/src/install/robot_controller/share/robot_controller/hook/pythonpath.ps1'
[12.778s] INFO:colcon.colcon_core.shell:Creating environment descriptor '/home/jeen/ros2_ws/src/install/robot_controller/share/robot_controller/hook/pythonpath.dsv'
[12.780s] INFO:colcon.colcon_core.shell:Creating environment hook '/home/jeen/ros2_ws/src/install/robot_controller/share/robot_controller/hook/pythonpath.sh'
[12.783s] Level 1:colcon.colcon_core.environment:checking '/home/jeen/ros2_ws/src/install/robot_controller/bin'
[12.784s] Level 1:colcon.colcon_core.environment:create_environment_scripts_only(robot_controller)
[12.785s] INFO:colcon.colcon_core.shell:Creating package script '/home/jeen/ros2_ws/src/install/robot_controller/share/robot_controller/package.ps1'
[12.789s] INFO:colcon.colcon_core.shell:Creating package descriptor '/home/jeen/ros2_ws/src/install/robot_controller/share/robot_controller/package.dsv'
[12.792s] INFO:colcon.colcon_core.shell:Creating package script '/home/jeen/ros2_ws/src/install/robot_controller/share/robot_controller/package.sh'
[12.797s] INFO:colcon.colcon_core.shell:Creating package script '/home/jeen/ros2_ws/src/install/robot_controller/share/robot_controller/package.bash'
[12.800s] INFO:colcon.colcon_core.shell:Creating package script '/home/jeen/ros2_ws/src/install/robot_controller/share/robot_controller/package.zsh'
[12.803s] Level 1:colcon.colcon_core.environment:create_file_with_runtime_dependencies(/home/jeen/ros2_ws/src/install/robot_controller/share/colcon-core/packages/robot_controller)
[12.805s] DEBUG:colcon.colcon_parallel_executor.executor.parallel:closing loop
[12.807s] DEBUG:colcon.colcon_parallel_executor.executor.parallel:loop closed
[12.807s] DEBUG:colcon.colcon_parallel_executor.executor.parallel:run_until_complete finished with '0'
[12.808s] DEBUG:colcon.colcon_core.event_reactor:joining thread
[12.810s] DEBUG:colcon.colcon_core.event_reactor:joined thread
[12.811s] INFO:colcon.colcon_core.shell:Creating prefix script '/home/jeen/ros2_ws/src/install/local_setup.ps1'
[12.815s] INFO:colcon.colcon_core.shell:Creating prefix util module '/home/jeen/ros2_ws/src/install/_local_setup_util_ps1.py'
[12.821s] INFO:colcon.colcon_core.shell:Creating prefix chain script '/home/jeen/ros2_ws/src/install/setup.ps1'
[12.827s] INFO:colcon.colcon_core.shell:Creating prefix script '/home/jeen/ros2_ws/src/install/local_setup.sh'
[12.831s] INFO:colcon.colcon_core.shell:Creating prefix util module '/home/jeen/ros2_ws/src/install/_local_setup_util_sh.py'
[12.834s] INFO:colcon.colcon_core.shell:Creating prefix chain script '/home/jeen/ros2_ws/src/install/setup.sh'
[12.839s] INFO:colcon.colcon_core.shell:Creating prefix script '/home/jeen/ros2_ws/src/install/local_setup.bash'
[12.842s] INFO:colcon.colcon_core.shell:Creating prefix chain script '/home/jeen/ros2_ws/src/install/setup.bash'
[12.848s] INFO:colcon.colcon_core.shell:Creating prefix script '/home/jeen/ros2_ws/src/install/local_setup.zsh'
[12.851s] INFO:colcon.colcon_core.shell:Creating prefix chain script '/home/jeen/ros2_ws/src/install/setup.zsh'
