[3.952s] Invoking command in '/home/jeen/ros2_ws/src/robot_controller': DEBUGINFOD_URLS=https://debuginfod.ubuntu.com PYTHONPATH=/home/jeen/ros2_ws/src/build/robot_controller/prefix_override:/usr/lib/python3/dist-packages/colcon_core/task/python/colcon_distutils_commands:/home/jeen/ros2_ws/src/install/robot_controller/lib/python3.12/site-packages:${PYTHONPATH} /usr/bin/python3 -W ignore:setup.py install is deprecated -W ignore:easy_install command is deprecated setup.py egg_info --egg-base ../build/robot_controller build --build-base /home/jeen/ros2_ws/src/build/robot_controller/build install --record /home/jeen/ros2_ws/src/build/robot_controller/install.log --single-version-externally-managed install_data
[5.263s] running egg_info
[5.362s] writing ../build/robot_controller/robot_controller.egg-info/PKG-INFO
[5.363s] writing dependency_links to ../build/robot_controller/robot_controller.egg-info/dependency_links.txt
[5.370s] writing entry points to ../build/robot_controller/robot_controller.egg-info/entry_points.txt
[5.371s] writing requirements to ../build/robot_controller/robot_controller.egg-info/requires.txt
[5.372s] writing top-level names to ../build/robot_controller/robot_controller.egg-info/top_level.txt
[5.576s] reading manifest file '../build/robot_controller/robot_controller.egg-info/SOURCES.txt'
[5.580s] writing manifest file '../build/robot_controller/robot_controller.egg-info/SOURCES.txt'
[5.581s] running build
[5.581s] running build_py
[5.584s] running install
[5.608s] running install_lib
[5.710s] running install_data
[5.711s] copying config/nav2_params.yaml -> /home/jeen/ros2_ws/src/install/robot_controller/share/robot_controller/config
[5.712s] running install_egg_info
[5.818s] removing '/home/jeen/ros2_ws/src/install/robot_controller/lib/python3.12/site-packages/robot_controller-0.1.0-py3.12.egg-info' (and everything under it)
[5.820s] Copying ../build/robot_controller/robot_controller.egg-info to /home/jeen/ros2_ws/src/install/robot_controller/lib/python3.12/site-packages/robot_controller-0.1.0-py3.12.egg-info
[5.826s] running install_scripts
[6.550s] Installing avoidance_node script to /home/jeen/ros2_ws/src/install/robot_controller/lib/robot_controller
[6.551s] Installing keyboard_node script to /home/jeen/ros2_ws/src/install/robot_controller/lib/robot_controller
[6.557s] Installing lidar_node script to /home/jeen/ros2_ws/src/install/robot_controller/lib/robot_controller
[6.558s] Installing motor_node script to /home/jeen/ros2_ws/src/install/robot_controller/lib/robot_controller
[6.560s] Installing mpu6050_node script to /home/jeen/ros2_ws/src/install/robot_controller/lib/robot_controller
[6.562s] writing list of installed files to '/home/jeen/ros2_ws/src/build/robot_controller/install.log'
[6.712s] Invoked command in '/home/jeen/ros2_ws/src/robot_controller' returned '0': DEBUGINFOD_URLS=https://debuginfod.ubuntu.com PYTHONPATH=/home/jeen/ros2_ws/src/build/robot_controller/prefix_override:/usr/lib/python3/dist-packages/colcon_core/task/python/colcon_distutils_commands:/home/jeen/ros2_ws/src/install/robot_controller/lib/python3.12/site-packages:${PYTHONPATH} /usr/bin/python3 -W ignore:setup.py install is deprecated -W ignore:easy_install command is deprecated setup.py egg_info --egg-base ../build/robot_controller build --build-base /home/jeen/ros2_ws/src/build/robot_controller/build install --record /home/jeen/ros2_ws/src/build/robot_controller/install.log --single-version-externally-managed install_data
