[0.993s] DEBUG:colcon:Command line arguments: ['/usr/bin/colcon', 'build', '--packages-select', 'robot_controller']
[0.993s] DEBUG:colcon:Parsed command line arguments: Namespace(log_base=None, log_level=None, verb_name='build', build_base='build', install_base='install', merge_install=False, symlink_install=False, test_result_base=None, continue_on_error=False, executor='parallel', parallel_workers=4, event_handlers=None, ignore_user_meta=False, metas=['./colcon.meta'], base_paths=['.'], packages_ignore=None, packages_ignore_regex=None, paths=None, packages_up_to=None, packages_up_to_regex=None, packages_above=None, packages_above_and_dependencies=None, packages_above_depth=None, packages_select_by_dep=None, packages_skip_by_dep=None, packages_skip_up_to=None, packages_select_build_failed=False, packages_skip_build_finished=False, packages_select_test_failures=False, packages_skip_test_passed=False, packages_select=['robot_controller'], packages_skip=None, packages_select_regex=None, packages_skip_regex=None, packages_start=None, packages_end=None, allow_overriding=[], cmake_args=None, cmake_target=None, cmake_target_skip_unavailable=False, cmake_clean_cache=False, cmake_clean_first=False, cmake_force_configure=False, ament_cmake_args=None, catkin_cmake_args=None, catkin_skip_building_tests=False, mixin_files=None, mixin=None, verb_parser=<colcon_mixin.mixin.mixin_argument.MixinArgumentDecorator object at 0xffff9340cdd0>, verb_extension=<colcon_core.verb.build.BuildVerb object at 0xffff935c53d0>, main=<bound method BuildVerb.main of <colcon_core.verb.build.BuildVerb object at 0xffff935c53d0>>, mixin_verb=('build',))
[1.255s] Level 1:colcon.colcon_core.package_discovery:discover_packages(colcon_meta) check parameters
[1.255s] Level 1:colcon.colcon_core.package_discovery:discover_packages(recursive) check parameters
[1.256s] Level 1:colcon.colcon_core.package_discovery:discover_packages(ignore) check parameters
[1.256s] Level 1:colcon.colcon_core.package_discovery:discover_packages(path) check parameters
[1.256s] Level 1:colcon.colcon_core.package_discovery:discover_packages(colcon_meta) discover
[1.256s] Level 1:colcon.colcon_core.package_discovery:discover_packages(recursive) discover
[1.257s] INFO:colcon.colcon_core.package_discovery:Crawling recursively for packages in '/home/jeen/ros2_ws/src'
[1.258s] Level 1:colcon.colcon_core.package_identification:_identify(.) by extensions ['ignore', 'ignore_ament_install']
[1.258s] Level 1:colcon.colcon_core.package_identification:_identify(.) by extension 'ignore'
[1.259s] Level 1:colcon.colcon_core.package_identification:_identify(.) by extension 'ignore_ament_install'
[1.260s] Level 1:colcon.colcon_core.package_identification:_identify(.) by extensions ['colcon_pkg']
[1.260s] Level 1:colcon.colcon_core.package_identification:_identify(.) by extension 'colcon_pkg'
[1.260s] Level 1:colcon.colcon_core.package_identification:_identify(.) by extensions ['colcon_meta']
[1.261s] Level 1:colcon.colcon_core.package_identification:_identify(.) by extension 'colcon_meta'
[1.261s] Level 1:colcon.colcon_core.package_identification:_identify(.) by extensions ['ros']
[1.261s] Level 1:colcon.colcon_core.package_identification:_identify(.) by extension 'ros'
[1.430s] Level 1:colcon.colcon_core.package_identification:_identify(.) by extensions ['cmake', 'python']
[1.430s] Level 1:colcon.colcon_core.package_identification:_identify(.) by extension 'cmake'
[1.431s] Level 1:colcon.colcon_core.package_identification:_identify(.) by extension 'python'
[1.431s] Level 1:colcon.colcon_core.package_identification:_identify(.) by extensions ['python_setup_py']
[1.431s] Level 1:colcon.colcon_core.package_identification:_identify(.) by extension 'python_setup_py'
[1.432s] Level 1:colcon.colcon_core.package_identification:_identify(build) by extensions ['ignore', 'ignore_ament_install']
[1.433s] Level 1:colcon.colcon_core.package_identification:_identify(build) by extension 'ignore'
[1.433s] Level 1:colcon.colcon_core.package_identification:_identify(build) ignored
[1.434s] Level 1:colcon.colcon_core.package_identification:_identify(install) by extensions ['ignore', 'ignore_ament_install']
[1.435s] Level 1:colcon.colcon_core.package_identification:_identify(install) by extension 'ignore'
[1.435s] Level 1:colcon.colcon_core.package_identification:_identify(install) ignored
[1.436s] Level 1:colcon.colcon_core.package_identification:_identify(log) by extensions ['ignore', 'ignore_ament_install']
[1.437s] Level 1:colcon.colcon_core.package_identification:_identify(log) by extension 'ignore'
[1.437s] Level 1:colcon.colcon_core.package_identification:_identify(log) ignored
[1.438s] Level 1:colcon.colcon_core.package_identification:_identify(rf2o_laser_odometry) by extensions ['ignore', 'ignore_ament_install']
[1.439s] Level 1:colcon.colcon_core.package_identification:_identify(rf2o_laser_odometry) by extension 'ignore'
[1.439s] Level 1:colcon.colcon_core.package_identification:_identify(rf2o_laser_odometry) by extension 'ignore_ament_install'
[1.440s] Level 1:colcon.colcon_core.package_identification:_identify(rf2o_laser_odometry) by extensions ['colcon_pkg']
[1.440s] Level 1:colcon.colcon_core.package_identification:_identify(rf2o_laser_odometry) by extension 'colcon_pkg'
[1.441s] Level 1:colcon.colcon_core.package_identification:_identify(rf2o_laser_odometry) by extensions ['colcon_meta']
[1.441s] Level 1:colcon.colcon_core.package_identification:_identify(rf2o_laser_odometry) by extension 'colcon_meta'
[1.442s] Level 1:colcon.colcon_core.package_identification:_identify(rf2o_laser_odometry) by extensions ['ros']
[1.442s] Level 1:colcon.colcon_core.package_identification:_identify(rf2o_laser_odometry) by extension 'ros'
[1.454s] DEBUG:colcon.colcon_core.package_identification:Package 'rf2o_laser_odometry' with type 'ros.ament_cmake' and name 'rf2o_laser_odometry'
[1.455s] Level 1:colcon.colcon_core.package_identification:_identify(robot_controller) by extensions ['ignore', 'ignore_ament_install']
[1.456s] Level 1:colcon.colcon_core.package_identification:_identify(robot_controller) by extension 'ignore'
[1.456s] Level 1:colcon.colcon_core.package_identification:_identify(robot_controller) by extension 'ignore_ament_install'
[1.456s] Level 1:colcon.colcon_core.package_identification:_identify(robot_controller) by extensions ['colcon_pkg']
[1.457s] Level 1:colcon.colcon_core.package_identification:_identify(robot_controller) by extension 'colcon_pkg'
[1.457s] Level 1:colcon.colcon_core.package_identification:_identify(robot_controller) by extensions ['colcon_meta']
[1.457s] Level 1:colcon.colcon_core.package_identification:_identify(robot_controller) by extension 'colcon_meta'
[1.457s] Level 1:colcon.colcon_core.package_identification:_identify(robot_controller) by extensions ['ros']
[1.457s] Level 1:colcon.colcon_core.package_identification:_identify(robot_controller) by extension 'ros'
[1.460s] DEBUG:colcon.colcon_core.package_identification:Package 'robot_controller' with type 'ros.ament_python' and name 'robot_controller'
[1.461s] Level 1:colcon.colcon_core.package_identification:_identify(sllidar_ros2) by extensions ['ignore', 'ignore_ament_install']
[1.461s] Level 1:colcon.colcon_core.package_identification:_identify(sllidar_ros2) by extension 'ignore'
[1.461s] Level 1:colcon.colcon_core.package_identification:_identify(sllidar_ros2) by extension 'ignore_ament_install'
[1.462s] Level 1:colcon.colcon_core.package_identification:_identify(sllidar_ros2) by extensions ['colcon_pkg']
[1.462s] Level 1:colcon.colcon_core.package_identification:_identify(sllidar_ros2) by extension 'colcon_pkg'
[1.462s] Level 1:colcon.colcon_core.package_identification:_identify(sllidar_ros2) by extensions ['colcon_meta']
[1.462s] Level 1:colcon.colcon_core.package_identification:_identify(sllidar_ros2) by extension 'colcon_meta'
[1.462s] Level 1:colcon.colcon_core.package_identification:_identify(sllidar_ros2) by extensions ['ros']
[1.462s] Level 1:colcon.colcon_core.package_identification:_identify(sllidar_ros2) by extension 'ros'
[1.465s] DEBUG:colcon.colcon_core.package_identification:Package 'sllidar_ros2' with type 'ros.ament_cmake' and name 'sllidar_ros2'
[1.466s] Level 1:colcon.colcon_core.package_discovery:discover_packages(recursive) using defaults
[1.466s] Level 1:colcon.colcon_core.package_discovery:discover_packages(ignore) discover
[1.466s] Level 1:colcon.colcon_core.package_discovery:discover_packages(ignore) using defaults
[1.466s] Level 1:colcon.colcon_core.package_discovery:discover_packages(path) discover
[1.466s] Level 1:colcon.colcon_core.package_discovery:discover_packages(path) using defaults
[1.542s] INFO:colcon.colcon_core.package_selection:Skipping not selected package 'rf2o_laser_odometry' in 'rf2o_laser_odometry'
[1.543s] INFO:colcon.colcon_core.package_selection:Skipping not selected package 'sllidar_ros2' in 'sllidar_ros2'
[1.544s] Level 1:colcon.colcon_core.package_discovery:discover_packages(prefix_path) check parameters
[1.545s] Level 1:colcon.colcon_core.package_discovery:discover_packages(prefix_path) discover
[1.556s] DEBUG:colcon.colcon_installed_package_information.package_discovery:Found 3 installed packages in /home/jeen/ros2_ws/install
[1.569s] DEBUG:colcon.colcon_installed_package_information.package_discovery:Found 386 installed packages in /opt/ros/jazzy
[1.578s] Level 1:colcon.colcon_core.package_discovery:discover_packages(prefix_path) using defaults
[1.849s] Level 5:colcon.colcon_core.verb:set package 'robot_controller' build argument 'cmake_args' from command line to 'None'
[1.849s] Level 5:colcon.colcon_core.verb:set package 'robot_controller' build argument 'cmake_target' from command line to 'None'
[1.849s] Level 5:colcon.colcon_core.verb:set package 'robot_controller' build argument 'cmake_target_skip_unavailable' from command line to 'False'
[1.850s] Level 5:colcon.colcon_core.verb:set package 'robot_controller' build argument 'cmake_clean_cache' from command line to 'False'
[1.850s] Level 5:colcon.colcon_core.verb:set package 'robot_controller' build argument 'cmake_clean_first' from command line to 'False'
[1.850s] Level 5:colcon.colcon_core.verb:set package 'robot_controller' build argument 'cmake_force_configure' from command line to 'False'
[1.850s] Level 5:colcon.colcon_core.verb:set package 'robot_controller' build argument 'ament_cmake_args' from command line to 'None'
[1.850s] Level 5:colcon.colcon_core.verb:set package 'robot_controller' build argument 'catkin_cmake_args' from command line to 'None'
[1.850s] Level 5:colcon.colcon_core.verb:set package 'robot_controller' build argument 'catkin_skip_building_tests' from command line to 'False'
[1.850s] DEBUG:colcon.colcon_core.verb:Building package 'robot_controller' with the following arguments: {'ament_cmake_args': None, 'build_base': '/home/jeen/ros2_ws/src/build/robot_controller', 'catkin_cmake_args': None, 'catkin_skip_building_tests': False, 'cmake_args': None, 'cmake_clean_cache': False, 'cmake_clean_first': False, 'cmake_force_configure': False, 'cmake_target': None, 'cmake_target_skip_unavailable': False, 'install_base': '/home/jeen/ros2_ws/src/install/robot_controller', 'merge_install': False, 'path': '/home/jeen/ros2_ws/src/robot_controller', 'symlink_install': False, 'test_result_base': None}
[1.851s] INFO:colcon.colcon_core.executor:Executing jobs using 'parallel' executor
[1.854s] DEBUG:colcon.colcon_parallel_executor.executor.parallel:run_until_complete
[1.855s] INFO:colcon.colcon_ros.task.ament_python.build:Building ROS package in '/home/jeen/ros2_ws/src/robot_controller' with build type 'ament_python'
[1.856s] Level 1:colcon.colcon_core.shell:create_environment_hook('robot_controller', 'ament_prefix_path')
[1.865s] INFO:colcon.colcon_core.plugin_system:Skipping extension 'colcon_core.shell.bat': Not used on non-Windows systems
[1.867s] INFO:colcon.colcon_core.shell:Creating environment hook '/home/jeen/ros2_ws/src/install/robot_controller/share/robot_controller/hook/ament_prefix_path.ps1'
[1.870s] INFO:colcon.colcon_core.shell:Creating environment descriptor '/home/jeen/ros2_ws/src/install/robot_controller/share/robot_controller/hook/ament_prefix_path.dsv'
[1.876s] INFO:colcon.colcon_core.shell:Creating environment hook '/home/jeen/ros2_ws/src/install/robot_controller/share/robot_controller/hook/ament_prefix_path.sh'
[1.879s] INFO:colcon.colcon_core.shell:Skip shell extension 'powershell' for command environment: Not usable outside of PowerShell
[1.879s] DEBUG:colcon.colcon_core.shell:Skip shell extension 'dsv' for command environment
[2.962s] INFO:colcon.colcon_core.task.python.build:Building Python package in '/home/jeen/ros2_ws/src/robot_controller'
[2.963s] INFO:colcon.colcon_core.shell:Skip shell extension 'powershell' for command environment: Not usable outside of PowerShell
[2.963s] DEBUG:colcon.colcon_core.shell:Skip shell extension 'dsv' for command environment
[5.875s] DEBUG:colcon.colcon_core.event_handler.log_command:Invoking command in '/home/jeen/ros2_ws/src/robot_controller': DEBUGINFOD_URLS=https://debuginfod.ubuntu.com PYTHONPATH=/home/jeen/ros2_ws/src/build/robot_controller/prefix_override:/usr/lib/python3/dist-packages/colcon_core/task/python/colcon_distutils_commands:/home/jeen/ros2_ws/src/install/robot_controller/lib/python3.12/site-packages:${PYTHONPATH} /usr/bin/python3 -W ignore:setup.py install is deprecated -W ignore:easy_install command is deprecated setup.py egg_info --egg-base ../build/robot_controller build --build-base /home/jeen/ros2_ws/src/build/robot_controller/build install --record /home/jeen/ros2_ws/src/build/robot_controller/install.log --single-version-externally-managed install_data
[8.689s] DEBUG:colcon.colcon_core.event_handler.log_command:Invoked command in '/home/jeen/ros2_ws/src/robot_controller' returned '0': DEBUGINFOD_URLS=https://debuginfod.ubuntu.com PYTHONPATH=/home/jeen/ros2_ws/src/build/robot_controller/prefix_override:/usr/lib/python3/dist-packages/colcon_core/task/python/colcon_distutils_commands:/home/jeen/ros2_ws/src/install/robot_controller/lib/python3.12/site-packages:${PYTHONPATH} /usr/bin/python3 -W ignore:setup.py install is deprecated -W ignore:easy_install command is deprecated setup.py egg_info --egg-base ../build/robot_controller build --build-base /home/jeen/ros2_ws/src/build/robot_controller/build install --record /home/jeen/ros2_ws/src/build/robot_controller/install.log --single-version-externally-managed install_data
[8.698s] Level 1:colcon.colcon_core.environment:checking '/home/jeen/ros2_ws/src/install/robot_controller' for CMake module files
[8.702s] Level 1:colcon.colcon_core.environment:checking '/home/jeen/ros2_ws/src/install/robot_controller' for CMake config files
[8.708s] Level 1:colcon.colcon_core.environment:checking '/home/jeen/ros2_ws/src/install/robot_controller/lib'
[8.709s] Level 1:colcon.colcon_core.environment:checking '/home/jeen/ros2_ws/src/install/robot_controller/bin'
[8.709s] Level 1:colcon.colcon_core.environment:checking '/home/jeen/ros2_ws/src/install/robot_controller/lib/pkgconfig/robot_controller.pc'
[8.710s] Level 1:colcon.colcon_core.environment:checking '/home/jeen/ros2_ws/src/install/robot_controller/lib/python3.12/site-packages'
[8.711s] Level 1:colcon.colcon_core.shell:create_environment_hook('robot_controller', 'pythonpath')
[8.712s] INFO:colcon.colcon_core.shell:Creating environment hook '/home/jeen/ros2_ws/src/install/robot_controller/share/robot_controller/hook/pythonpath.ps1'
[8.714s] INFO:colcon.colcon_core.shell:Creating environment descriptor '/home/jeen/ros2_ws/src/install/robot_controller/share/robot_controller/hook/pythonpath.dsv'
[8.720s] INFO:colcon.colcon_core.shell:Creating environment hook '/home/jeen/ros2_ws/src/install/robot_controller/share/robot_controller/hook/pythonpath.sh'
[8.724s] Level 1:colcon.colcon_core.environment:checking '/home/jeen/ros2_ws/src/install/robot_controller/bin'
[8.724s] Level 1:colcon.colcon_core.environment:create_environment_scripts_only(robot_controller)
[8.725s] INFO:colcon.colcon_core.shell:Creating package script '/home/jeen/ros2_ws/src/install/robot_controller/share/robot_controller/package.ps1'
[8.731s] INFO:colcon.colcon_core.shell:Creating package descriptor '/home/jeen/ros2_ws/src/install/robot_controller/share/robot_controller/package.dsv'
[8.734s] INFO:colcon.colcon_core.shell:Creating package script '/home/jeen/ros2_ws/src/install/robot_controller/share/robot_controller/package.sh'
[8.738s] INFO:colcon.colcon_core.shell:Creating package script '/home/jeen/ros2_ws/src/install/robot_controller/share/robot_controller/package.bash'
[8.742s] INFO:colcon.colcon_core.shell:Creating package script '/home/jeen/ros2_ws/src/install/robot_controller/share/robot_controller/package.zsh'
[8.745s] Level 1:colcon.colcon_core.environment:create_file_with_runtime_dependencies(/home/jeen/ros2_ws/src/install/robot_controller/share/colcon-core/packages/robot_controller)
[8.746s] DEBUG:colcon.colcon_parallel_executor.executor.parallel:closing loop
[8.748s] DEBUG:colcon.colcon_parallel_executor.executor.parallel:loop closed
[8.748s] DEBUG:colcon.colcon_parallel_executor.executor.parallel:run_until_complete finished with '0'
[8.749s] DEBUG:colcon.colcon_core.event_reactor:joining thread
[8.750s] DEBUG:colcon.colcon_core.event_reactor:joined thread
[8.751s] INFO:colcon.colcon_core.shell:Creating prefix script '/home/jeen/ros2_ws/src/install/local_setup.ps1'
[8.756s] INFO:colcon.colcon_core.shell:Creating prefix util module '/home/jeen/ros2_ws/src/install/_local_setup_util_ps1.py'
[8.761s] INFO:colcon.colcon_core.shell:Creating prefix chain script '/home/jeen/ros2_ws/src/install/setup.ps1'
[8.767s] INFO:colcon.colcon_core.shell:Creating prefix script '/home/jeen/ros2_ws/src/install/local_setup.sh'
[8.770s] INFO:colcon.colcon_core.shell:Creating prefix util module '/home/jeen/ros2_ws/src/install/_local_setup_util_sh.py'
[8.773s] INFO:colcon.colcon_core.shell:Creating prefix chain script '/home/jeen/ros2_ws/src/install/setup.sh'
[8.778s] INFO:colcon.colcon_core.shell:Creating prefix script '/home/jeen/ros2_ws/src/install/local_setup.bash'
[8.780s] INFO:colcon.colcon_core.shell:Creating prefix chain script '/home/jeen/ros2_ws/src/install/setup.bash'
[8.786s] INFO:colcon.colcon_core.shell:Creating prefix script '/home/jeen/ros2_ws/src/install/local_setup.zsh'
[8.788s] INFO:colcon.colcon_core.shell:Creating prefix chain script '/home/jeen/ros2_ws/src/install/setup.zsh'
