/home/jeen/ros2_ws/src/install/robot_controller/lib/python3.12/site-packages/robot_controller/keyboard_node.py
/home/jeen/ros2_ws/src/install/robot_controller/lib/python3.12/site-packages/robot_controller/motor_node.py
/home/jeen/ros2_ws/src/install/robot_controller/lib/python3.12/site-packages/robot_controller/mpu6050_node.py
/home/jeen/ros2_ws/src/install/robot_controller/lib/python3.12/site-packages/robot_controller/__init__.py
/home/jeen/ros2_ws/src/install/robot_controller/lib/python3.12/site-packages/robot_controller/avoidance_node.py
/home/jeen/ros2_ws/src/install/robot_controller/lib/python3.12/site-packages/robot_controller/lidar_node.py
/home/jeen/ros2_ws/src/install/robot_controller/lib/python3.12/site-packages/robot_controller/__pycache__/keyboard_node.cpython-312.pyc
/home/jeen/ros2_ws/src/install/robot_controller/lib/python3.12/site-packages/robot_controller/__pycache__/motor_node.cpython-312.pyc
/home/jeen/ros2_ws/src/install/robot_controller/lib/python3.12/site-packages/robot_controller/__pycache__/mpu6050_node.cpython-312.pyc
/home/jeen/ros2_ws/src/install/robot_controller/lib/python3.12/site-packages/robot_controller/__pycache__/__init__.cpython-312.pyc
/home/jeen/ros2_ws/src/install/robot_controller/lib/python3.12/site-packages/robot_controller/__pycache__/avoidance_node.cpython-312.pyc
/home/jeen/ros2_ws/src/install/robot_controller/lib/python3.12/site-packages/robot_controller/__pycache__/lidar_node.cpython-312.pyc
/home/jeen/ros2_ws/src/install/robot_controller/share/ament_index/resource_index/packages/robot_controller
/home/jeen/ros2_ws/src/install/robot_controller/share/robot_controller/package.xml
/home/jeen/ros2_ws/src/install/robot_controller/share/robot_controller/launch/nav2.launch.py
/home/jeen/ros2_ws/src/install/robot_controller/share/robot_controller/launch/robot.launch.py
/home/jeen/ros2_ws/src/install/robot_controller/share/robot_controller/config/nav2_params.yaml
/home/jeen/ros2_ws/src/install/robot_controller/share/robot_controller/config/ekf.yaml
/home/jeen/ros2_ws/src/install/robot_controller/share/robot_controller/maps/map.yaml
/home/jeen/ros2_ws/src/install/robot_controller/share/robot_controller/maps/map.pgm
/home/jeen/ros2_ws/src/install/robot_controller/share/robot_controller/urdf/robot.urdf
/home/jeen/ros2_ws/src/install/robot_controller/lib/python3.12/site-packages/robot_controller-0.1.0-py3.12.egg-info/requires.txt
/home/jeen/ros2_ws/src/install/robot_controller/lib/python3.12/site-packages/robot_controller-0.1.0-py3.12.egg-info/top_level.txt
/home/jeen/ros2_ws/src/install/robot_controller/lib/python3.12/site-packages/robot_controller-0.1.0-py3.12.egg-info/zip-safe
/home/jeen/ros2_ws/src/install/robot_controller/lib/python3.12/site-packages/robot_controller-0.1.0-py3.12.egg-info/PKG-INFO
/home/jeen/ros2_ws/src/install/robot_controller/lib/python3.12/site-packages/robot_controller-0.1.0-py3.12.egg-info/SOURCES.txt
/home/jeen/ros2_ws/src/install/robot_controller/lib/python3.12/site-packages/robot_controller-0.1.0-py3.12.egg-info/dependency_links.txt
/home/jeen/ros2_ws/src/install/robot_controller/lib/python3.12/site-packages/robot_controller-0.1.0-py3.12.egg-info/entry_points.txt
/home/jeen/ros2_ws/src/install/robot_controller/lib/robot_controller/avoidance_node
/home/jeen/ros2_ws/src/install/robot_controller/lib/robot_controller/keyboard_node
/home/jeen/ros2_ws/src/install/robot_controller/lib/robot_controller/lidar_node
/home/jeen/ros2_ws/src/install/robot_controller/lib/robot_controller/motor_node
/home/jeen/ros2_ws/src/install/robot_controller/lib/robot_controller/mpu6050_node
