running egg_info
creating ../build/robot_controller/robot_controller.egg-info
writing ../build/robot_controller/robot_controller.egg-info/PKG-INFO
writing dependency_links to ../build/robot_controller/robot_controller.egg-info/dependency_links.txt
writing entry points to ../build/robot_controller/robot_controller.egg-info/entry_points.txt
writing requirements to ../build/robot_controller/robot_controller.egg-info/requires.txt
writing top-level names to ../build/robot_controller/robot_controller.egg-info/top_level.txt
writing manifest file '../build/robot_controller/robot_controller.egg-info/SOURCES.txt'
reading manifest file '../build/robot_controller/robot_controller.egg-info/SOURCES.txt'
writing manifest file '../build/robot_controller/robot_controller.egg-info/SOURCES.txt'
running build
running build_py
creating /home/jeen/ros2_ws/src/build/robot_controller/build
creating /home/jeen/ros2_ws/src/build/robot_controller/build/lib
creating /home/jeen/ros2_ws/src/build/robot_controller/build/lib/robot_controller
copying robot_controller/keyboard_node.py -> /home/jeen/ros2_ws/src/build/robot_controller/build/lib/robot_controller
copying robot_controller/motor_node.py -> /home/jeen/ros2_ws/src/build/robot_controller/build/lib/robot_controller
copying robot_controller/mpu6050_node.py -> /home/jeen/ros2_ws/src/build/robot_controller/build/lib/robot_controller
copying robot_controller/__init__.py -> /home/jeen/ros2_ws/src/build/robot_controller/build/lib/robot_controller
copying robot_controller/avoidance_node.py -> /home/jeen/ros2_ws/src/build/robot_controller/build/lib/robot_controller
copying robot_controller/lidar_node.py -> /home/jeen/ros2_ws/src/build/robot_controller/build/lib/robot_controller
running install
running install_lib
creating /home/jeen/ros2_ws/src/install/robot_controller/lib/python3.12/site-packages/robot_controller
copying /home/jeen/ros2_ws/src/build/robot_controller/build/lib/robot_controller/keyboard_node.py -> /home/jeen/ros2_ws/src/install/robot_controller/lib/python3.12/site-packages/robot_controller
copying /home/jeen/ros2_ws/src/build/robot_controller/build/lib/robot_controller/motor_node.py -> /home/jeen/ros2_ws/src/install/robot_controller/lib/python3.12/site-packages/robot_controller
copying /home/jeen/ros2_ws/src/build/robot_controller/build/lib/robot_controller/mpu6050_node.py -> /home/jeen/ros2_ws/src/install/robot_controller/lib/python3.12/site-packages/robot_controller
copying /home/jeen/ros2_ws/src/build/robot_controller/build/lib/robot_controller/__init__.py -> /home/jeen/ros2_ws/src/install/robot_controller/lib/python3.12/site-packages/robot_controller
copying /home/jeen/ros2_ws/src/build/robot_controller/build/lib/robot_controller/avoidance_node.py -> /home/jeen/ros2_ws/src/install/robot_controller/lib/python3.12/site-packages/robot_controller
copying /home/jeen/ros2_ws/src/build/robot_controller/build/lib/robot_controller/lidar_node.py -> /home/jeen/ros2_ws/src/install/robot_controller/lib/python3.12/site-packages/robot_controller
byte-compiling /home/jeen/ros2_ws/src/install/robot_controller/lib/python3.12/site-packages/robot_controller/keyboard_node.py to keyboard_node.cpython-312.pyc
byte-compiling /home/jeen/ros2_ws/src/install/robot_controller/lib/python3.12/site-packages/robot_controller/motor_node.py to motor_node.cpython-312.pyc
byte-compiling /home/jeen/ros2_ws/src/install/robot_controller/lib/python3.12/site-packages/robot_controller/mpu6050_node.py to mpu6050_node.cpython-312.pyc
byte-compiling /home/jeen/ros2_ws/src/install/robot_controller/lib/python3.12/site-packages/robot_controller/__init__.py to __init__.cpython-312.pyc
byte-compiling /home/jeen/ros2_ws/src/install/robot_controller/lib/python3.12/site-packages/robot_controller/avoidance_node.py to avoidance_node.cpython-312.pyc
byte-compiling /home/jeen/ros2_ws/src/install/robot_controller/lib/python3.12/site-packages/robot_controller/lidar_node.py to lidar_node.cpython-312.pyc
running install_data
creating /home/jeen/ros2_ws/src/install/robot_controller/share/ament_index
creating /home/jeen/ros2_ws/src/install/robot_controller/share/ament_index/resource_index
creating /home/jeen/ros2_ws/src/install/robot_controller/share/ament_index/resource_index/packages
copying resource/robot_controller -> /home/jeen/ros2_ws/src/install/robot_controller/share/ament_index/resource_index/packages
copying package.xml -> /home/jeen/ros2_ws/src/install/robot_controller/share/robot_controller
creating /home/jeen/ros2_ws/src/install/robot_controller/share/robot_controller/launch
copying launch/nav2.launch.py -> /home/jeen/ros2_ws/src/install/robot_controller/share/robot_controller/launch
copying launch/robot.launch.py -> /home/jeen/ros2_ws/src/install/robot_controller/share/robot_controller/launch
creating /home/jeen/ros2_ws/src/install/robot_controller/share/robot_controller/config
copying config/nav2_params.yaml -> /home/jeen/ros2_ws/src/install/robot_controller/share/robot_controller/config
copying config/ekf.yaml -> /home/jeen/ros2_ws/src/install/robot_controller/share/robot_controller/config
creating /home/jeen/ros2_ws/src/install/robot_controller/share/robot_controller/maps
copying maps/map.yaml -> /home/jeen/ros2_ws/src/install/robot_controller/share/robot_controller/maps
copying maps/map.pgm -> /home/jeen/ros2_ws/src/install/robot_controller/share/robot_controller/maps
creating /home/jeen/ros2_ws/src/install/robot_controller/share/robot_controller/urdf
copying urdf/robot.urdf -> /home/jeen/ros2_ws/src/install/robot_controller/share/robot_controller/urdf
running install_egg_info
Copying ../build/robot_controller/robot_controller.egg-info to /home/jeen/ros2_ws/src/install/robot_controller/lib/python3.12/site-packages/robot_controller-0.1.0-py3.12.egg-info
running install_scripts
Installing avoidance_node script to /home/jeen/ros2_ws/src/install/robot_controller/lib/robot_controller
Installing keyboard_node script to /home/jeen/ros2_ws/src/install/robot_controller/lib/robot_controller
Installing lidar_node script to /home/jeen/ros2_ws/src/install/robot_controller/lib/robot_controller
Installing motor_node script to /home/jeen/ros2_ws/src/install/robot_controller/lib/robot_controller
Installing mpu6050_node script to /home/jeen/ros2_ws/src/install/robot_controller/lib/robot_controller
writing list of installed files to '/home/jeen/ros2_ws/src/build/robot_controller/install.log'
