[5.164s] Invoking command in '/home/jeen/ros2_ws/src/robot_controller': DEBUGINFOD_URLS=https://debuginfod.ubuntu.com PYTHONPATH=/home/jeen/ros2_ws/src/build/robot_controller/prefix_override:/usr/lib/python3/dist-packages/colcon_core/task/python/colcon_distutils_commands:/home/jeen/ros2_ws/src/install/robot_controller/lib/python3.12/site-packages:${PYTHONPATH} /usr/bin/python3 -W ignore:setup.py install is deprecated -W ignore:easy_install command is deprecated setup.py egg_info --egg-base ../build/robot_controller build --build-base /home/jeen/ros2_ws/src/build/robot_controller/build install --record /home/jeen/ros2_ws/src/build/robot_controller/install.log --single-version-externally-managed install_data
[6.447s] running egg_info
[6.449s] creating ../build/robot_controller/robot_controller.egg-info
[6.545s] writing ../build/robot_controller/robot_controller.egg-info/PKG-INFO
[6.546s] writing dependency_links to ../build/robot_controller/robot_controller.egg-info/dependency_links.txt
[6.547s] writing entry points to ../build/robot_controller/robot_controller.egg-info/entry_points.txt
[6.548s] writing requirements to ../build/robot_controller/robot_controller.egg-info/requires.txt
[6.548s] writing top-level names to ../build/robot_controller/robot_controller.egg-info/top_level.txt
[6.549s] writing manifest file '../build/robot_controller/robot_controller.egg-info/SOURCES.txt'
[6.752s] reading manifest file '../build/robot_controller/robot_controller.egg-info/SOURCES.txt'
[6.755s] writing manifest file '../build/robot_controller/robot_controller.egg-info/SOURCES.txt'
[6.756s] running build
[6.756s] running build_py
[6.757s] creating /home/jeen/ros2_ws/src/build/robot_controller/build
[6.757s] creating /home/jeen/ros2_ws/src/build/robot_controller/build/lib
[6.758s] creating /home/jeen/ros2_ws/src/build/robot_controller/build/lib/robot_controller
[6.759s] copying robot_controller/keyboard_node.py -> /home/jeen/ros2_ws/src/build/robot_controller/build/lib/robot_controller
[6.759s] copying robot_controller/motor_node.py -> /home/jeen/ros2_ws/src/build/robot_controller/build/lib/robot_controller
[6.763s] copying robot_controller/mpu6050_node.py -> /home/jeen/ros2_ws/src/build/robot_controller/build/lib/robot_controller
[6.764s] copying robot_controller/__init__.py -> /home/jeen/ros2_ws/src/build/robot_controller/build/lib/robot_controller
[6.766s] copying robot_controller/avoidance_node.py -> /home/jeen/ros2_ws/src/build/robot_controller/build/lib/robot_controller
[6.768s] copying robot_controller/lidar_node.py -> /home/jeen/ros2_ws/src/build/robot_controller/build/lib/robot_controller
[6.770s] running install
[6.797s] running install_lib
[6.897s] creating /home/jeen/ros2_ws/src/install/robot_controller/lib/python3.12/site-packages/robot_controller
[6.898s] copying /home/jeen/ros2_ws/src/build/robot_controller/build/lib/robot_controller/keyboard_node.py -> /home/jeen/ros2_ws/src/install/robot_controller/lib/python3.12/site-packages/robot_controller
[6.898s] copying /home/jeen/ros2_ws/src/build/robot_controller/build/lib/robot_controller/motor_node.py -> /home/jeen/ros2_ws/src/install/robot_controller/lib/python3.12/site-packages/robot_controller
[6.899s] copying /home/jeen/ros2_ws/src/build/robot_controller/build/lib/robot_controller/mpu6050_node.py -> /home/jeen/ros2_ws/src/install/robot_controller/lib/python3.12/site-packages/robot_controller
[6.899s] copying /home/jeen/ros2_ws/src/build/robot_controller/build/lib/robot_controller/__init__.py -> /home/jeen/ros2_ws/src/install/robot_controller/lib/python3.12/site-packages/robot_controller
[6.900s] copying /home/jeen/ros2_ws/src/build/robot_controller/build/lib/robot_controller/avoidance_node.py -> /home/jeen/ros2_ws/src/install/robot_controller/lib/python3.12/site-packages/robot_controller
[6.901s] copying /home/jeen/ros2_ws/src/build/robot_controller/build/lib/robot_controller/lidar_node.py -> /home/jeen/ros2_ws/src/install/robot_controller/lib/python3.12/site-packages/robot_controller
[6.903s] byte-compiling /home/jeen/ros2_ws/src/install/robot_controller/lib/python3.12/site-packages/robot_controller/keyboard_node.py to keyboard_node.cpython-312.pyc
[6.911s] byte-compiling /home/jeen/ros2_ws/src/install/robot_controller/lib/python3.12/site-packages/robot_controller/motor_node.py to motor_node.cpython-312.pyc
[6.919s] byte-compiling /home/jeen/ros2_ws/src/install/robot_controller/lib/python3.12/site-packages/robot_controller/mpu6050_node.py to mpu6050_node.cpython-312.pyc
[6.927s] byte-compiling /home/jeen/ros2_ws/src/install/robot_controller/lib/python3.12/site-packages/robot_controller/__init__.py to __init__.cpython-312.pyc
[6.929s] byte-compiling /home/jeen/ros2_ws/src/install/robot_controller/lib/python3.12/site-packages/robot_controller/avoidance_node.py to avoidance_node.cpython-312.pyc
[6.935s] byte-compiling /home/jeen/ros2_ws/src/install/robot_controller/lib/python3.12/site-packages/robot_controller/lidar_node.py to lidar_node.cpython-312.pyc
[6.940s] running install_data
[6.941s] creating /home/jeen/ros2_ws/src/install/robot_controller/share/ament_index
[6.941s] creating /home/jeen/ros2_ws/src/install/robot_controller/share/ament_index/resource_index
[6.942s] creating /home/jeen/ros2_ws/src/install/robot_controller/share/ament_index/resource_index/packages
[6.942s] copying resource/robot_controller -> /home/jeen/ros2_ws/src/install/robot_controller/share/ament_index/resource_index/packages
[6.948s] copying package.xml -> /home/jeen/ros2_ws/src/install/robot_controller/share/robot_controller
[6.949s] creating /home/jeen/ros2_ws/src/install/robot_controller/share/robot_controller/launch
[6.949s] copying launch/nav2.launch.py -> /home/jeen/ros2_ws/src/install/robot_controller/share/robot_controller/launch
[6.950s] copying launch/robot.launch.py -> /home/jeen/ros2_ws/src/install/robot_controller/share/robot_controller/launch
[6.952s] creating /home/jeen/ros2_ws/src/install/robot_controller/share/robot_controller/config
[6.953s] copying config/nav2_params.yaml -> /home/jeen/ros2_ws/src/install/robot_controller/share/robot_controller/config
[6.954s] copying config/ekf.yaml -> /home/jeen/ros2_ws/src/install/robot_controller/share/robot_controller/config
[6.955s] creating /home/jeen/ros2_ws/src/install/robot_controller/share/robot_controller/maps
[6.956s] copying maps/map.yaml -> /home/jeen/ros2_ws/src/install/robot_controller/share/robot_controller/maps
[6.958s] copying maps/map.pgm -> /home/jeen/ros2_ws/src/install/robot_controller/share/robot_controller/maps
[6.990s] creating /home/jeen/ros2_ws/src/install/robot_controller/share/robot_controller/urdf
[6.991s] copying urdf/robot.urdf -> /home/jeen/ros2_ws/src/install/robot_controller/share/robot_controller/urdf
[6.991s] running install_egg_info
[7.096s] Copying ../build/robot_controller/robot_controller.egg-info to /home/jeen/ros2_ws/src/install/robot_controller/lib/python3.12/site-packages/robot_controller-0.1.0-py3.12.egg-info
[7.101s] running install_scripts
[7.802s] Installing avoidance_node script to /home/jeen/ros2_ws/src/install/robot_controller/lib/robot_controller
[7.803s] Installing keyboard_node script to /home/jeen/ros2_ws/src/install/robot_controller/lib/robot_controller
[7.804s] Installing lidar_node script to /home/jeen/ros2_ws/src/install/robot_controller/lib/robot_controller
[7.805s] Installing motor_node script to /home/jeen/ros2_ws/src/install/robot_controller/lib/robot_controller
[7.806s] Installing mpu6050_node script to /home/jeen/ros2_ws/src/install/robot_controller/lib/robot_controller
[7.807s] writing list of installed files to '/home/jeen/ros2_ws/src/build/robot_controller/install.log'
[7.953s] Invoked command in '/home/jeen/ros2_ws/src/robot_controller' returned '0': DEBUGINFOD_URLS=https://debuginfod.ubuntu.com PYTHONPATH=/home/jeen/ros2_ws/src/build/robot_controller/prefix_override:/usr/lib/python3/dist-packages/colcon_core/task/python/colcon_distutils_commands:/home/jeen/ros2_ws/src/install/robot_controller/lib/python3.12/site-packages:${PYTHONPATH} /usr/bin/python3 -W ignore:setup.py install is deprecated -W ignore:easy_install command is deprecated setup.py egg_info --egg-base ../build/robot_controller build --build-base /home/jeen/ros2_ws/src/build/robot_controller/build install --record /home/jeen/ros2_ws/src/build/robot_controller/install.log --single-version-externally-managed install_data
