[3.898s] Invoking command in '/home/jeen/ros2_ws/src/robot_controller': DEBUGINFOD_URLS=https://debuginfod.ubuntu.com PYTHONPATH=/home/jeen/ros2_ws/src/build/robot_controller/prefix_override:/usr/lib/python3/dist-packages/colcon_core/task/python/colcon_distutils_commands:/home/jeen/ros2_ws/src/install/robot_controller/lib/python3.12/site-packages:${PYTHONPATH} /usr/bin/python3 -W ignore:setup.py install is deprecated -W ignore:easy_install command is deprecated setup.py egg_info --egg-base ../build/robot_controller build --build-base /home/jeen/ros2_ws/src/build/robot_controller/build install --record /home/jeen/ros2_ws/src/build/robot_controller/install.log --single-version-externally-managed install_data
[5.172s] running egg_info
[5.267s] writing ../build/robot_controller/robot_controller.egg-info/PKG-INFO
[5.268s] writing dependency_links to ../build/robot_controller/robot_controller.egg-info/dependency_links.txt
[5.275s] writing entry points to ../build/robot_controller/robot_controller.egg-info/entry_points.txt
[5.275s] writing requirements to ../build/robot_controller/robot_controller.egg-info/requires.txt
[5.276s] writing top-level names to ../build/robot_controller/robot_controller.egg-info/top_level.txt
[5.472s] reading manifest file '../build/robot_controller/robot_controller.egg-info/SOURCES.txt'
[5.477s] writing manifest file '../build/robot_controller/robot_controller.egg-info/SOURCES.txt'
[5.477s] running build
[5.478s] running build_py
[5.480s] running install
[5.507s] running install_lib
[5.609s] running install_data
[5.610s] copying config/nav2_params.yaml -> /home/jeen/ros2_ws/src/install/robot_controller/share/robot_controller/config
[5.612s] running install_egg_info
[5.713s] removing '/home/jeen/ros2_ws/src/install/robot_controller/lib/python3.12/site-packages/robot_controller-0.1.0-py3.12.egg-info' (and everything under it)
[5.715s] Copying ../build/robot_controller/robot_controller.egg-info to /home/jeen/ros2_ws/src/install/robot_controller/lib/python3.12/site-packages/robot_controller-0.1.0-py3.12.egg-info
[5.720s] running install_scripts
[6.430s] Installing avoidance_node script to /home/jeen/ros2_ws/src/install/robot_controller/lib/robot_controller
[6.431s] Installing keyboard_node script to /home/jeen/ros2_ws/src/install/robot_controller/lib/robot_controller
[6.437s] Installing lidar_node script to /home/jeen/ros2_ws/src/install/robot_controller/lib/robot_controller
[6.439s] Installing motor_node script to /home/jeen/ros2_ws/src/install/robot_controller/lib/robot_controller
[6.440s] Installing mpu6050_node script to /home/jeen/ros2_ws/src/install/robot_controller/lib/robot_controller
[6.442s] writing list of installed files to '/home/jeen/ros2_ws/src/build/robot_controller/install.log'
[6.590s] Invoked command in '/home/jeen/ros2_ws/src/robot_controller' returned '0': DEBUGINFOD_URLS=https://debuginfod.ubuntu.com PYTHONPATH=/home/jeen/ros2_ws/src/build/robot_controller/prefix_override:/usr/lib/python3/dist-packages/colcon_core/task/python/colcon_distutils_commands:/home/jeen/ros2_ws/src/install/robot_controller/lib/python3.12/site-packages:${PYTHONPATH} /usr/bin/python3 -W ignore:setup.py install is deprecated -W ignore:easy_install command is deprecated setup.py egg_info --egg-base ../build/robot_controller build --build-base /home/jeen/ros2_ws/src/build/robot_controller/build install --record /home/jeen/ros2_ws/src/build/robot_controller/install.log --single-version-externally-managed install_data
