[3.939s] Invoking command in '/home/jeen/ros2_ws/src/robot_controller': DEBUGINFOD_URLS=https://debuginfod.ubuntu.com PYTHONPATH=/home/jeen/ros2_ws/src/build/robot_controller/prefix_override:/usr/lib/python3/dist-packages/colcon_core/task/python/colcon_distutils_commands:/home/jeen/ros2_ws/src/install/robot_controller/lib/python3.12/site-packages:${PYTHONPATH} /usr/bin/python3 -W ignore:setup.py install is deprecated -W ignore:easy_install command is deprecated setup.py egg_info --egg-base ../build/robot_controller build --build-base /home/jeen/ros2_ws/src/build/robot_controller/build install --record /home/jeen/ros2_ws/src/build/robot_controller/install.log --single-version-externally-managed install_data
[5.216s] running egg_info
[5.314s] writing ../build/robot_controller/robot_controller.egg-info/PKG-INFO
[5.315s] writing dependency_links to ../build/robot_controller/robot_controller.egg-info/dependency_links.txt
[5.322s] writing entry points to ../build/robot_controller/robot_controller.egg-info/entry_points.txt
[5.322s] writing requirements to ../build/robot_controller/robot_controller.egg-info/requires.txt
[5.323s] writing top-level names to ../build/robot_controller/robot_controller.egg-info/top_level.txt
[5.527s] reading manifest file '../build/robot_controller/robot_controller.egg-info/SOURCES.txt'
[5.531s] writing manifest file '../build/robot_controller/robot_controller.egg-info/SOURCES.txt'
[5.532s] running build
[5.533s] running build_py
[5.535s] running install
[5.560s] running install_lib
[5.661s] running install_data
[5.663s] copying config/nav2_params.yaml -> /home/jeen/ros2_ws/src/install/robot_controller/share/robot_controller/config
[5.664s] running install_egg_info
[5.768s] removing '/home/jeen/ros2_ws/src/install/robot_controller/lib/python3.12/site-packages/robot_controller-0.1.0-py3.12.egg-info' (and everything under it)
[5.770s] Copying ../build/robot_controller/robot_controller.egg-info to /home/jeen/ros2_ws/src/install/robot_controller/lib/python3.12/site-packages/robot_controller-0.1.0-py3.12.egg-info
[5.776s] running install_scripts
[6.494s] Installing avoidance_node script to /home/jeen/ros2_ws/src/install/robot_controller/lib/robot_controller
[6.495s] Installing keyboard_node script to /home/jeen/ros2_ws/src/install/robot_controller/lib/robot_controller
[6.502s] Installing lidar_node script to /home/jeen/ros2_ws/src/install/robot_controller/lib/robot_controller
[6.503s] Installing motor_node script to /home/jeen/ros2_ws/src/install/robot_controller/lib/robot_controller
[6.504s] Installing mpu6050_node script to /home/jeen/ros2_ws/src/install/robot_controller/lib/robot_controller
[6.506s] writing list of installed files to '/home/jeen/ros2_ws/src/build/robot_controller/install.log'
[6.653s] Invoked command in '/home/jeen/ros2_ws/src/robot_controller' returned '0': DEBUGINFOD_URLS=https://debuginfod.ubuntu.com PYTHONPATH=/home/jeen/ros2_ws/src/build/robot_controller/prefix_override:/usr/lib/python3/dist-packages/colcon_core/task/python/colcon_distutils_commands:/home/jeen/ros2_ws/src/install/robot_controller/lib/python3.12/site-packages:${PYTHONPATH} /usr/bin/python3 -W ignore:setup.py install is deprecated -W ignore:easy_install command is deprecated setup.py egg_info --egg-base ../build/robot_controller build --build-base /home/jeen/ros2_ws/src/build/robot_controller/build install --record /home/jeen/ros2_ws/src/build/robot_controller/install.log --single-version-externally-managed install_data
