[4.047s] Invoking command in '/home/jeen/ros2_ws/src/robot_controller': DEBUGINFOD_URLS=https://debuginfod.ubuntu.com PYTHONPATH=/home/jeen/ros2_ws/src/build/robot_controller/prefix_override:/usr/lib/python3/dist-packages/colcon_core/task/python/colcon_distutils_commands:/home/jeen/ros2_ws/src/install/robot_controller/lib/python3.12/site-packages:${PYTHONPATH} /usr/bin/python3 -W ignore:setup.py install is deprecated -W ignore:easy_install command is deprecated setup.py egg_info --egg-base ../build/robot_controller build --build-base /home/jeen/ros2_ws/src/build/robot_controller/build install --record /home/jeen/ros2_ws/src/build/robot_controller/install.log --single-version-externally-managed install_data
[5.358s] running egg_info
[5.460s] writing ../build/robot_controller/robot_controller.egg-info/PKG-INFO
[5.461s] writing dependency_links to ../build/robot_controller/robot_controller.egg-info/dependency_links.txt
[5.468s] writing entry points to ../build/robot_controller/robot_controller.egg-info/entry_points.txt
[5.470s] writing requirements to ../build/robot_controller/robot_controller.egg-info/requires.txt
[5.471s] writing top-level names to ../build/robot_controller/robot_controller.egg-info/top_level.txt
[5.681s] reading manifest file '../build/robot_controller/robot_controller.egg-info/SOURCES.txt'
[5.686s] writing manifest file '../build/robot_controller/robot_controller.egg-info/SOURCES.txt'
[5.687s] running build
[5.687s] running build_py
[5.689s] running install
[5.714s] running install_lib
[5.814s] running install_data
[5.816s] running install_egg_info
[5.922s] removing '/home/jeen/ros2_ws/src/install/robot_controller/lib/python3.12/site-packages/robot_controller-0.1.0-py3.12.egg-info' (and everything under it)
[5.924s] Copying ../build/robot_controller/robot_controller.egg-info to /home/jeen/ros2_ws/src/install/robot_controller/lib/python3.12/site-packages/robot_controller-0.1.0-py3.12.egg-info
[5.929s] running install_scripts
[6.654s] Installing avoidance_node script to /home/jeen/ros2_ws/src/install/robot_controller/lib/robot_controller
[6.655s] Installing keyboard_node script to /home/jeen/ros2_ws/src/install/robot_controller/lib/robot_controller
[6.661s] Installing lidar_node script to /home/jeen/ros2_ws/src/install/robot_controller/lib/robot_controller
[6.665s] Installing motor_node script to /home/jeen/ros2_ws/src/install/robot_controller/lib/robot_controller
[6.666s] Installing mpu6050_node script to /home/jeen/ros2_ws/src/install/robot_controller/lib/robot_controller
[6.669s] writing list of installed files to '/home/jeen/ros2_ws/src/build/robot_controller/install.log'
[6.818s] Invoked command in '/home/jeen/ros2_ws/src/robot_controller' returned '0': DEBUGINFOD_URLS=https://debuginfod.ubuntu.com PYTHONPATH=/home/jeen/ros2_ws/src/build/robot_controller/prefix_override:/usr/lib/python3/dist-packages/colcon_core/task/python/colcon_distutils_commands:/home/jeen/ros2_ws/src/install/robot_controller/lib/python3.12/site-packages:${PYTHONPATH} /usr/bin/python3 -W ignore:setup.py install is deprecated -W ignore:easy_install command is deprecated setup.py egg_info --egg-base ../build/robot_controller build --build-base /home/jeen/ros2_ws/src/build/robot_controller/build install --record /home/jeen/ros2_ws/src/build/robot_controller/install.log --single-version-externally-managed install_data
