[6.722s] Invoking command in '/home/jeen/ros2_ws/src/robot_controller': DEBUGINFOD_URLS=https://debuginfod.ubuntu.com PYTHONPATH=/home/jeen/ros2_ws/src/build/robot_controller/prefix_override:/usr/lib/python3/dist-packages/colcon_core/task/python/colcon_distutils_commands:/home/jeen/ros2_ws/src/install/robot_controller/lib/python3.12/site-packages:${PYTHONPATH} /usr/bin/python3 -W ignore:setup.py install is deprecated -W ignore:easy_install command is deprecated setup.py egg_info --egg-base ../build/robot_controller build --build-base /home/jeen/ros2_ws/src/build/robot_controller/build install --record /home/jeen/ros2_ws/src/build/robot_controller/install.log --single-version-externally-managed install_data
[8.096s] running egg_info
[8.195s] writing ../build/robot_controller/robot_controller.egg-info/PKG-INFO
[8.196s] writing dependency_links to ../build/robot_controller/robot_controller.egg-info/dependency_links.txt
[8.203s] writing entry points to ../build/robot_controller/robot_controller.egg-info/entry_points.txt
[8.204s] writing requirements to ../build/robot_controller/robot_controller.egg-info/requires.txt
[8.205s] writing top-level names to ../build/robot_controller/robot_controller.egg-info/top_level.txt
[8.422s] reading manifest file '../build/robot_controller/robot_controller.egg-info/SOURCES.txt'
[8.426s] writing manifest file '../build/robot_controller/robot_controller.egg-info/SOURCES.txt'
[8.427s] running build
[8.427s] running build_py
[8.430s] running install
[8.454s] running install_lib
[8.566s] running install_data
[8.567s] copying config/nav2_params.yaml -> /home/jeen/ros2_ws/src/install/robot_controller/share/robot_controller/config
[8.569s] running install_egg_info
[8.675s] removing '/home/jeen/ros2_ws/src/install/robot_controller/lib/python3.12/site-packages/robot_controller-0.1.0-py3.12.egg-info' (and everything under it)
[8.680s] Copying ../build/robot_controller/robot_controller.egg-info to /home/jeen/ros2_ws/src/install/robot_controller/lib/python3.12/site-packages/robot_controller-0.1.0-py3.12.egg-info
[8.686s] running install_scripts
[9.426s] Installing avoidance_node script to /home/jeen/ros2_ws/src/install/robot_controller/lib/robot_controller
[9.427s] Installing keyboard_node script to /home/jeen/ros2_ws/src/install/robot_controller/lib/robot_controller
[9.434s] Installing lidar_node script to /home/jeen/ros2_ws/src/install/robot_controller/lib/robot_controller
[9.435s] Installing motor_node script to /home/jeen/ros2_ws/src/install/robot_controller/lib/robot_controller
[9.436s] Installing mpu6050_node script to /home/jeen/ros2_ws/src/install/robot_controller/lib/robot_controller
[9.439s] writing list of installed files to '/home/jeen/ros2_ws/src/build/robot_controller/install.log'
[9.593s] Invoked command in '/home/jeen/ros2_ws/src/robot_controller' returned '0': DEBUGINFOD_URLS=https://debuginfod.ubuntu.com PYTHONPATH=/home/jeen/ros2_ws/src/build/robot_controller/prefix_override:/usr/lib/python3/dist-packages/colcon_core/task/python/colcon_distutils_commands:/home/jeen/ros2_ws/src/install/robot_controller/lib/python3.12/site-packages:${PYTHONPATH} /usr/bin/python3 -W ignore:setup.py install is deprecated -W ignore:easy_install command is deprecated setup.py egg_info --egg-base ../build/robot_controller build --build-base /home/jeen/ros2_ws/src/build/robot_controller/build install --record /home/jeen/ros2_ws/src/build/robot_controller/install.log --single-version-externally-managed install_data
